python: can't open file 'test_encoder_decoder.py': [Errno 2] No such file or directory
